// Jest Snapshot v1, https://goo.gl/fbAQLP

exports[`Finder render 1`] = `
<DocumentFragment>
  .c0 {
  display: grid;
  grid-template-columns: auto 1fr;
  width: 100%;
  height: 100%;
}

.c1 {
  width: 180px;
}

.c2 {
  display: -webkit-box;
  display: -webkit-flex;
  display: -ms-flexbox;
  display: flex;
  -webkit-align-items: center;
  -webkit-box-align: center;
  -ms-flex-align: center;
  align-items: center;
  padding: 8px 16px;
  cursor: pointer;
}

.c2:hover {
  background-color: yellow;
}

.c3 {
  border-left: 1px solid black;
}

<div
    class="c0"
  >
    <div
      class="c1"
    >
      <ul>
        <li
          class="c2"
        >
          1
        </li>
        <li
          class="c2"
        >
          2
        </li>
        <li
          class="c2"
        >
          3
        </li>
      </ul>
    </div>
    <div
      class="c3"
    >
      <ul />
    </div>
  </div>
</DocumentFragment>
`;
