// Jest Snapshot v1, https://goo.gl/fbAQLP

exports[`Wizard render 1`] = `<DocumentFragment />`;
